2026-08-05 15:26:05.873: [INFO] CurrentProfilePath: C:\Users\Harsh\OneDrive\Desktop\HMS Source\HMS Source\Backend\.metadata\.plugins\org.eclipse.swt\EBWebView\Default
2026-08-05 15:26:05.873: [INFO] Profiles total count: 1
2026-08-05 15:26:05.873: [INFO] Profile: name=Profile 1 path=C:\Users\Harsh\OneDrive\Desktop\HMS Source\HMS Source\Backend\.metadata\.plugins\org.eclipse.swt\EBWebView\Default lastActive=null
2026-08-05 15:26:05.873: [INFO] LastUsedProfileDir: C:\Users\Harsh\OneDrive\Desktop\HMS Source\HMS Source\Backend\.metadata\.plugins\org.eclipse.swt\EBWebView\Default
2026-08-05 15:26:05.873: [INFO] OnDoneLoading sync enabled: 0
2026-08-05 15:26:05.873: [INFO] BookmarkModelLoaded, ids_reassigned: 0
2026-08-05 15:26:05.873: [INFO] BookmarksLoadDropped droppedNodes=0
2026-08-05 15:26:05.873: [INFO] BookmarksSnapshot Startup total=0 bar=0 other=0 mobile=0 showBar=0 showBarNTP=1
2026-08-05 17:03:56.428: [INFO] BookmarksSnapshot Shutdown total=0 bar=0 other=0 mobile=0 showBar=0 showBarNTP=1
2026-08-05 21:34:28.697: [INFO] CurrentProfilePath: C:\Users\Harsh\OneDrive\Desktop\HMS Source\HMS Source\Backend\.metadata\.plugins\org.eclipse.swt\EBWebView\Default
2026-08-05 21:34:28.697: [INFO] Profiles total count: 1
2026-08-05 21:34:28.697: [INFO] Profile: name=Profile 1 path=C:\Users\Harsh\OneDrive\Desktop\HMS Source\HMS Source\Backend\.metadata\.plugins\org.eclipse.swt\EBWebView\Default lastActive=null
2026-08-05 21:34:28.697: [INFO] LastUsedProfileDir: C:\Users\Harsh\OneDrive\Desktop\HMS Source\HMS Source\Backend\.metadata\.plugins\org.eclipse.swt\EBWebView\Default
2026-08-05 21:34:28.697: [INFO] OnDoneLoading sync enabled: 0
2026-08-05 21:34:28.697: [INFO] BookmarkModelLoaded, ids_reassigned: 0
2026-08-05 21:34:28.697: [INFO] BookmarksLoadDropped droppedNodes=0
2026-08-05 21:34:28.697: [INFO] BookmarksSnapshot Startup total=0 bar=0 other=0 mobile=0 showBar=0 showBarNTP=1
2026-08-05 23:06:56.987: [INFO] CurrentProfilePath: C:\Users\Harsh\OneDrive\Desktop\HMS Source\HMS Source\Backend\.metadata\.plugins\org.eclipse.swt\EBWebView\Default
2026-08-05 23:06:56.987: [INFO] Profiles total count: 1
2026-08-05 23:06:56.987: [INFO] Profile: name=Profile 1 path=C:\Users\Harsh\OneDrive\Desktop\HMS Source\HMS Source\Backend\.metadata\.plugins\org.eclipse.swt\EBWebView\Default lastActive=null
2026-08-05 23:06:56.987: [INFO] LastUsedProfileDir: C:\Users\Harsh\OneDrive\Desktop\HMS Source\HMS Source\Backend\.metadata\.plugins\org.eclipse.swt\EBWebView\Default
2026-08-05 23:06:56.987: [INFO] OnDoneLoading sync enabled: 0
2026-08-05 23:06:56.987: [INFO] BookmarkModelLoaded, ids_reassigned: 0
2026-08-05 23:06:56.987: [INFO] BookmarksLoadDropped droppedNodes=0
2026-08-05 23:06:56.987: [INFO] BookmarksSnapshot Startup total=0 bar=0 other=0 mobile=0 showBar=0 showBarNTP=1
2026-08-05 23:26:38.615: [INFO] BookmarksSnapshot Shutdown total=0 bar=0 other=0 mobile=0 showBar=0 showBarNTP=1
2026-08-05 23:28:23.331: [INFO] CurrentProfilePath: C:\Users\Harsh\OneDrive\Desktop\HMS Source\HMS Source\Backend\.metadata\.plugins\org.eclipse.swt\EBWebView\Default
2026-08-05 23:28:23.331: [INFO] Profiles total count: 1
2026-08-05 23:28:23.331: [INFO] Profile: name=Profile 1 path=C:\Users\Harsh\OneDrive\Desktop\HMS Source\HMS Source\Backend\.metadata\.plugins\org.eclipse.swt\EBWebView\Default lastActive=null
2026-08-05 23:28:23.331: [INFO] LastUsedProfileDir: C:\Users\Harsh\OneDrive\Desktop\HMS Source\HMS Source\Backend\.metadata\.plugins\org.eclipse.swt\EBWebView\Default
2026-08-05 23:28:23.331: [INFO] OnDoneLoading sync enabled: 0
2026-08-05 23:28:23.331: [INFO] BookmarkModelLoaded, ids_reassigned: 0
2026-08-05 23:28:23.331: [INFO] BookmarksLoadDropped droppedNodes=0
2026-08-05 23:28:23.331: [INFO] BookmarksSnapshot Startup total=0 bar=0 other=0 mobile=0 showBar=0 showBarNTP=1
2026-08-06 03:51:21.297: [INFO] BookmarksSnapshot Shutdown total=0 bar=0 other=0 mobile=0 showBar=0 showBarNTP=1
2026-08-06 05:31:59.401: [INFO] CurrentProfilePath: C:\Users\Harsh\OneDrive\Desktop\HMS Source\HMS Source\Backend\.metadata\.plugins\org.eclipse.swt\EBWebView\Default
2026-08-06 05:31:59.401: [INFO] Profiles total count: 1
2026-08-06 05:31:59.401: [INFO] Profile: name=Profile 1 path=C:\Users\Harsh\OneDrive\Desktop\HMS Source\HMS Source\Backend\.metadata\.plugins\org.eclipse.swt\EBWebView\Default lastActive=null
2026-08-06 05:31:59.401: [INFO] LastUsedProfileDir: C:\Users\Harsh\OneDrive\Desktop\HMS Source\HMS Source\Backend\.metadata\.plugins\org.eclipse.swt\EBWebView\Default
2026-08-06 05:31:59.401: [INFO] OnDoneLoading sync enabled: 0
2026-08-06 05:31:59.401: [INFO] BookmarkModelLoaded, ids_reassigned: 0
2026-08-06 05:31:59.401: [INFO] BookmarksLoadDropped droppedNodes=0
2026-08-06 05:31:59.401: [INFO] BookmarksSnapshot Startup total=0 bar=0 other=0 mobile=0 showBar=0 showBarNTP=1
2026-08-06 06:04:24.628: [INFO] BookmarksSnapshot Shutdown total=0 bar=0 other=0 mobile=0 showBar=0 showBarNTP=1
